[INFO] Listening on COM8@115200 for 15s ...
�r�K���ef0
entry 0x403c8924
I (29) boot: ESP-IDF v5.5.4 2nd stage bootloader
I (29) boot: compile time Jul  3 2026 07:59:22
I (29) boot: Multicore bootloader
I (29) boot: chip revision: v0.2
I (32) boot: efuse block revision: v1.3
I (36) boot.esp32s3: Boot SPI Speed : 80MHz
I (40) boot.esp32s3: SPI Mode       : DIO
I (43) boot.esp32s3: SPI Flash Size : 16MB
I (47) boot: Enabling RNG early entropy source...
I (52) boot: Partition Table:
I (54) boot: ## Label            Usage          Type ST Offset   Length
I (61) boot:  0 nvs              WiFi data        01 02 00009000 00006000
I (67) boot:  1 phy_init         RF data          01 01 0000f000 00001000
I (74) boot:  2 factory          factory app      00 00 00010000 00200000
I (80) boot: End of partition table
I (83) esp_image: segment 0: paddr=00010020 vaddr=3c0b0020 size=2f118h (192792) map
I (125) esp_image: segment 1: paddr=0003f140 vaddr=3fca1d00 size=00ed8h (  3800) load
I (126) esp_image: segment 2: paddr=00040020 vaddr=42000020 size=a498ch (674188) map
I (247) esp_image: segment 3: paddr=000e49b4 vaddr=3fca2bd8 size=03fc0h ( 16320) load
I (251) esp_image: segment 4: paddr=000e897c vaddr=40378000 size=19c78h (105592) load
I (274) esp_image: segment 5: paddr=001025fc vaddr=50000000 size=00020h (    32) load
I (285) boot: Loaded app from partition at offset 0x10000
I (285) boot: Disabling RNG early entropy source...
I (295) octal_psram: vendor id    : 0x0d (AP)
I (295) octal_psram: dev id       : 0x02 (generation 3)
I (295) octal_psram: density      : 0x03 (64 Mbit)
I (297) octal_psram: good-die     : 0x01 (Pass)
I (301) octal_psram: Latency      : 0x01 (Fixed)
I (306) octal_psram: VCC          : 0x01 (3V)
I (310) octal_psram: SRF          : 0x01 (Fast Refresh)
I (315) octal_psram: BurstType    : 0x01 (Hybrid Wrap)
I (320) octal_psram: BurstLen     : 0x01 (32 Byte)
I (324) octal_psram: Readlatency  : 0x02 (10 cycles@Fixed)
I (329) octal_psram: DriveStrength: 0x00 (1/1)
I (334) MSPI Timing: Enter psram timing tuning
I (338) esp_psram: Found 8MB PSRAM device
I (341) esp_psram: Speed: 80MHz
I (344) cpu_start: Multicore app
I (649) esp_psram: SPI SRAM memory test OK
I (657) cpu_start: GPIO 44 and 43 are used as console UART I/O pins
I (658) cpu_start: Pro cpu start user code
I (658) cpu_start: cpu freq: 240000000 Hz
I (660) app_init: Application information:
I (663) app_init: Project name:     keyboard_demo
I (668) app_init: App version:      1
I (671) app_init: Compile time:     Jul  3 2026 07:57:35
I (676) app_init: ELF file SHA256:  a8dcdcc94...
I (681) app_init: ESP-IDF:          v5.5.4
I (684) efuse_init: Min chip rev:     v0.0
I (688) efuse_init: Max chip rev:     v0.99
I (692) efuse_init: Chip rev:         v0.2
I (696) heap_init: Initializing. RAM available for dynamic allocation:
I (702) heap_init: At 3FCAAA50 len 0003ECC0 (251 KiB): RAM
I (707) heap_init: At 3FCE9710 len 00005724 (21 KiB): RAM
I (713) heap_init: At 600FE000 len 00001FE8 (7 KiB): RTCRAM
I (718) esp_psram: Adding pool of 8192K of PSRAM memory to heap allocator
I (725) spi_flash: detected chip: generic
I (728) spi_flash: flash io: dio
W (731) i2c: This driver is an old driver, please migrate your application code to adapt `driver/i2c_master.h`
I (741) sleep_gpio: Configure to isolate all GPIO pins in sleep state
I (747) sleep_gpio: Enable automatic switching of GPIO sleep configuration
I (754) coexist: coex firmware version: 093e3d2
I (758) coexist: coexist rom version e7ae62f
I (762) main_task: Started on CPU0
I (772) esp_psram: Reserving pool of 32K of internal memory for DMA/internal allocations
I (772) main_task: Calling app_main()
I (772) main: === CaPilot Keyboard Demo ===
I (782) main: Hardware: 立创实战派 ESP32-S3 开发板
I (782) main: Function: 3x4 数字键盘 + BOOT 键 = Enter
I (802) bsp: Starting I2C bus initialization...
I (802) bsp: I2C bus initialized on port 0
I (812) bsp: PCA9557 IO expander initialized
I (812) LVGL: Starting LVGL task
I (982) bsp: Starting touch screen initialization...
E (982) lcd_panel.io.i2c: esp_lcd_new_panel_io_i2c_v1(60): scl_speed_hz is not need to set in legacy i2c_lcd driver
E (982) bsp: bsp_touch_new(291):
ESP_ERROR_CHECK failed: esp_err_t 0x102 (ESP_ERR_INVALID_ARG) at 0x4200cf97
file: "./main/bsp.c" line 301
func: bsp_display_indev_init
expression: bsp_touch_new(&tp)

abort() was called at PC 0x40386cfb on core 0


Backtrace: 0x40386d3d:0x3fcae0e0 0x40386d05:0x3fcae100 0x4038eb5d:0x3fcae120 0x40386cfb:0x3fcae190 0x4200cf97:0x3fcae1c0 0x4200d4a1:0x3fcae1f0 0x4200c95f:0x3fcae230 0x420a3abc:0x3fcae280 0x40387a45:0x3fcae2b0




ELF file SHA256: a8dcdcc94

Rebooting...
���ESP-ROM:esp32s3-20210327
Build:Mar 27 2021
rst:0xc (RTC_SW_CPU_RST),boot:0xb (SPI_FAST_FLASH_BOOT)
Saved PC:0x40386edd
SPIWP:0xee
mode:DIO, clock div:1
load:0x3fce2820,len:0x14f0
load:0x403c8700,len:0xd24
load:0x403cb700,len:0x2ef0
entry 0x403c8924
I (29) boot: ESP-IDF v5.5.4 2nd stage bootloader
I (29) boot: compile time Jul  3 2026 07:59:22
I (29) boot: Multicore bootloader
I (29) boot: chip revision: v0.2
I (32) boot: efuse block revision: v1.3
I (36) boot.esp32s3: Boot SPI Speed : 80MHz
I (40) boot.esp32s3: SPI Mode       : DIO
I (43) boot.esp32s3: SPI Flash Size : 16MB
I (47) boot: Enabling RNG early entropy source...
I (52) boot: Partition Table:
I (54) boot: ## Label            Usage          Type ST Offset   Length
I (61) boot:  0 nvs              WiFi data        01 02 00009000 00006000
I (67) boot:  1 phy_init         RF data          01 01 0000f000 00001000
I (74) boot:  2 factory          factory app      00 00 00010000 00200000
I (80) boot: End of partition table
I (83) esp_image: segment 0: paddr=00010020 vaddr=3c0b0020 size=2f118h (192792) map
I (125) esp_image: segment 1: paddr=0003f140 vaddr=3fca1d00 size=00ed8h (  3800) load
I (126) esp_image: segment 2: paddr=00040020 vaddr=42000020 size=a498ch (674188) map
I (247) esp_image: segment 3: paddr=000e49b4 vaddr=3fca2bd8 size=03fc0h ( 16320) load
I (251) esp_image: segment 4: paddr=000e897c vaddr=40378000 size=19c78h (105592) load
I (274) esp_image: segment 5: paddr=001025fc vaddr=50000000 size=00020h (    32) load
I (285) boot: Loaded app from partition at offset 0x10000
I (285) boot: Disabling RNG early entropy source...
I (295) octal_psram: vendor id    : 0x0d (AP)
I (295) octal_psram: dev id       : 0x02 (generation 3)
I (295) octal_psram: density      : 0x03 (64 Mbit)
I (297) octal_psram: good-die     : 0x01 (Pass)
I (301) octal_psram: Latency      : 0x01 (Fixed)
I (306) octal_psram: VCC          : 0x01 (3V)
I (310) octal_psram: SRF          : 0x01 (Fast Refresh)
I (315) octal_psram: BurstType    : 0x01 (Hybrid Wrap)
I (320) octal_psram: BurstLen     : 0x01 (32 Byte)
I (324) octal_psram: Readlatency  : 0x02 (10 cycles@Fixed)
I (329) octal_psram: DriveStrength: 0x00 (1/1)
I (334) MSPI Timing: Enter psram timing tuning
I (338) esp_psram: Found 8MB PSRAM device
I (341) esp_psram: Speed: 80MHz
I (344) cpu_start: Multicore app
I (649) esp_psram: SPI SRAM memory test OK
I (657) cpu_start: GPIO 44 and 43 are used as console UART I/O pins
I (658) cpu_start: Pro cpu start user code
I (658) cpu_start: cpu freq: 240000000 Hz
I (660) app_init: Application information:
I (663) app_init: Project name:     keyboard_demo
I (668) app_init: App version:      1
I (671) app_init: Compile time:     Jul  3 2026 07:57:35
I (676) app_init: ELF file SHA256:  a8dcdcc94...
I (681) app_init: ESP-IDF:          v5.5.4
I (684) efuse_init: Min chip rev:     v0.0
I (688) efuse_init: Max chip rev:     v0.99
I (692) efuse_init: Chip rev:         v0.2
I (696) heap_init: Initializing. RAM available for dynamic allocation:
I (702) heap_init: At 3FCAAA50 len 0003ECC0 (251 KiB): RAM
I (707) heap_init: At 3FCE9710 len 00005724 (21 KiB): RAM
I (713) heap_init: At 600FE000 len 00001FE8 (7 KiB): RTCRAM
I (718) esp_psram: Adding pool of 8192K of PSRAM memory to heap allocator
I (725) spi_flash: detected chip: generic
I (728) spi_flash: flash io: dio
W (731) i2c: This driver is an old driver, please migrate your application code to adapt `driver/i2c_master.h`
I (741) sleep_gpio: Configure to isolate all GPIO pins in sleep state
I (747) sleep_gpio: Enable automatic switching of GPIO sleep configuration
I (754) coexist: coex firmware version: 093e3d2
I (758) coexist: coexist rom version e7ae62f
I (762) main_task: Started on CPU0
I (772) esp_psram: Reserving pool of 32K of internal memory for DMA/internal allocations
I (772) main_task: Calling app_main()
I (772) main: === CaPilot Keyboard Demo ===
I (782) main: Hardware: 立创实战派 ESP32-S3 开发板
I (782) main: Function: 3x4 数字键盘 + BOOT 键 = Enter
I (802) bsp: Starting I2C bus initialization...
I (802) bsp: I2C bus initialized on port 0
I (812) bsp: PCA9557 IO expander initialized
I (812) LVGL: Starting LVGL task
I (982) bsp: Starting touch screen initialization...
E (982) lcd_panel.io.i2c: esp_lcd_new_panel_io_i2c_v1(60): scl_speed_hz is not need to set in legacy i2c_lcd driver
E (982) bsp: bsp_touch_new(291):
ESP_ERROR_CHECK failed: esp_err_t 0x102 (ESP_ERR_INVALID_ARG) at 0x4200cf97
file: "./main/bsp.c" line 301
func: bsp_display_indev_init
expression: bsp_touch_new(&tp)

abort() was called at PC 0x40386cfb on core 0


Backtrace: 0x40386d3d:0x3fcae0e0 0x40386d05:0x3fcae100 0x4038eb5d:0x3fcae120 0x40386cfb:0x3fcae190 0x4200cf97:0x3fcae1c0 0x4200d4a1:0x3fcae1f0 0x4200c95f:0x3fcae230 0x420a3abc:0x3fcae280 0x40387a45:0x3fcae2b0




ELF file SHA256: a8dcdcc94

Rebooting...
���ESP-ROM:esp32s3-20210327
Build:Mar 27 2021
rst:0xc (RTC_SW_CPU_RST),boot:0xb (SPI_FAST_FLASH_BOOT)
Saved PC:0x40386edd
SPIWP:0xee
mode:DIO, clock div:1
load:0x3fce2820,len:0x14f0
load:0x403c8700,len:0xd24
load:0x403cb700,len:0x2ef0
entry 0x403c8924
I (29) boot: ESP-IDF v5.5.4 2nd stage bootloader
I (29) boot: compile time Jul  3 2026 07:59:22
I (29) boot: Multicore bootloader
I (29) boot: chip revision: v0.2
I (32) boot: efuse block revision: v1.3
I (36) boot.esp32s3: Boot SPI Speed : 80MHz
I (40) boot.esp32s3: SPI Mode       : DIO
I (43) boot.esp32s3: SPI Flash Size : 16MB
I (47) boot: Enabling RNG early entropy source...
I (52) boot: Partition Table:
I (54) boot: ## Label            Usage          Type ST Offset   Length
I (61) boot:  0 nvs              WiFi data        01 02 00009000 00006000
I (67) boot:  1 phy_init         RF data          01 01 0000f000 00001000
I (74) boot:  2 factory          factory app      00 00 00010000 00200000
I (80) boot: End of partition table
I (83) esp_image: segment 0: paddr=00010020 vaddr=3c0b0020 size=2f118h (192792) map
I (125) esp_image: segment 1: paddr=0003f140 vaddr=3fca1d00 size=00ed8h (  3800) load
I (126) esp_image: segment 2: paddr=00040020 vaddr=42000020 size=a498ch (674188) map
I (247) esp_image: segment 3: paddr=000e49b4 vaddr=3fca2bd8 size=03fc0h ( 16320) load
I (251) esp_image: segment 4: paddr=000e897c vaddr=40378000 size=19c78h (105592) load
I (274) esp_image: segment 5: paddr=001025fc vaddr=50000000 size=00020h (    32) load
I (285) boot: Loaded app from partition at offset 0x10000
I (285) boot: Disabling RNG early entropy source...
I (295) octal_psram: vendor id    : 0x0d (AP)
I (295) octal_psram: dev id       : 0x02 (generation 3)
I (295) octal_psram: density      : 0x03 (64 Mbit)
I (297) octal_psram: good-die     : 0x01 (Pass)
I (301) octal_psram: Latency      : 0x01 (Fixed)
I (306) octal_psram: VCC          : 0x01 (3V)
I (310) octal_psram: SRF          : 0x01 (Fast Refresh)
I (315) octal_psram: BurstType    : 0x01 (Hybrid Wrap)
I (320) octal_psram: BurstLen     : 0x01 (32 Byte)
I (324) octal_psram: Readlatency  : 0x02 (10 cycles@Fixed)
I (329) octal_psram: DriveStrength: 0x00 (1/1)
I (334) MSPI Timing: Enter psram timing tuning
I (338) esp_psram: Found 8MB PSRAM device
I (341) esp_psram: Speed: 80MHz
I (344) cpu_start: Multicore app
I (649) esp_psram: SPI SRAM memory test OK
I (657) cpu_start: GPIO 44 and 43 are used as console UART I/O pins
I (658) cpu_start: Pro cpu start user code
I (658) cpu_start: cpu freq: 240000000 Hz
I (660) app_init: Application information:
I (663) app_init: Project name:     keyboard_demo
I (668) app_init: App version:      1
I (671) app_init: Compile time:     Jul  3 2026 07:57:35
I (676) app_init: ELF file SHA256:  a8dcdcc94...
I (681) app_init: ESP-IDF:          v5.5.4
I (684) efuse_init: Min chip rev:     v0.0
I (688) efuse_init: Max chip rev:     v0.99
I (692) efuse_init: Chip rev:         v0.2
I (696) heap_init: Initializing. RAM available for dynamic allocation:
I (702) heap_init: At 3FCAAA50 len 0003ECC0 (251 KiB): RAM
I (707) heap_init: At 3FCE9710 len 00005724 (21 KiB): RAM
I (713) heap_init: At 600FE000 len 00001FE8 (7 KiB): RTCRAM
I (718) esp_psram: Adding pool of 8192K of PSRAM memory to heap allocator
I (725) spi_flash: detected chip: generic
I (728) spi_flash: flash io: dio
W (731) i2c: This driver is an old driver, please migrate your application code to adapt `driver/i2c_master.h`
I (741) sleep_gpio: Configure to isolate all GPIO pins in sleep state
I (747) sleep_gpio: Enable automatic switching of GPIO sleep configuration
I (754) coexist: coex firmware version: 093e3d2
I (758) coexist: coexist rom version e7ae62f
I (762) main_task: Started on CPU0
I (772) esp_psram: Reserving pool of 32K of internal memory for DMA/internal allocations
I (772) main_task: Calling app_main()
I (772) main: === CaPilot Keyboard Demo ===
I (782) main: Hardware: 立创实战派 ESP32-S3 开发板
I (782) main: Function: 3x4 数字键盘 + BOOT 键 = Enter
I (802) bsp: Starting I2C bus initialization...
I (802) bsp: I2C bus initialized on port 0
I (812) bsp: PCA9557 IO expander initialized
I (812) LVGL: Starting LVGL task
I (982) bsp: Starting touch screen initialization...
E (982) lcd_panel.io.i2c: esp_lcd_new_panel_io_i2c_v1(60): scl_speed_hz is not need to set in legacy i2c_lcd driver
E (982) bsp: bsp_touch_new(291):
ESP_ERROR_CHECK failed: esp_err_t 0x102 (ESP_ERR_INVALID_ARG) at 0x4200cf97
file: "./main/bsp.c" line 301
func: bsp_display_indev_init
expression: bsp_touch_new(&tp)

abort() was called at PC 0x40386cfb on core 0


Backtrace: 0x40386d3d:0x3fcae0e0 0x40386d05:0x3fcae100 0x4038eb5d:0x3fcae120 0x40386cfb:0x3fcae190 0x4200cf97:0x3fcae1c0 0x4200d4a1:0x3fcae1f0 0x4200c95f:0x3fcae230 0x420a3abc:0x3fcae280 0x40387a45:0x3fcae2b0




ELF file SHA256: a8dcdcc94

Rebooting...
���ESP-ROM:esp32s3-20210327
Build:Mar 27 2021
rst:0xc (RTC_SW_CPU_RST),boot:0xb (SPI_FAST_FLASH_BOOT)
Saved PC:0x40386edd
SPIWP:0xee
mode:DIO, clock div:1
load:0x3fce2820,len:0x14f0
load:0x403c8700,len:0xd24
load:0x403cb700,len:0x2ef0
entry 0x403c8924
I (29) boot: ESP-IDF v5.5.4 2nd stage bootloader
I (29) boot: compile time Jul  3 2026 07:59:22
I (29) boot: Multicore bootloader
I (29) boot: chip revision: v0.2
I (32) boot: efuse block revision: v1.3
I (36) boot.esp32s3: Boot SPI Speed : 80MHz
I (40) boot.esp32s3: SPI Mode       : DIO
I (43) boot.esp32s3: SPI Flash Size : 16MB
I (47) boot: Enabling RNG early entropy source...
I (52) boot: Partition Table:
I (54) boot: ## Label            Usage          Type ST Offset   Length
I (61) boot:  0 nvs              WiFi data        01 02 00009000 00006000
I (67) boot:  1 phy_init         RF data          01 01 0000f000 00001000
I (74) boot:  2 factory          factory app      00 00 00010000 00200000
I (80) boot: End of partition table
I (83) esp_image: segment 0: paddr=00010020 vaddr=3c0b0020 size=2f118h (192792) map
I (125) esp_image: segment 1: paddr=0003f140 vaddr=3fca1d00 size=00ed8h (  3800) load
I (126) esp_image: segment 2: paddr=00040020 vaddr=42000020 size=a498ch (674188) map
I (247) esp_image: segment 3: paddr=000e49b4 vaddr=3fca2bd8 size=03fc0h ( 16320) load
I (251) esp_image: segment 4: paddr=000e897c vaddr=40378000 size=19c78h (105592) load
I (274) esp_image: segment 5: paddr=001025fc vaddr=50000000 size=00020h (    32) load
I (285) boot: Loaded app from partition at offset 0x10000
I (285) boot: Disabling RNG early entropy source...
I (295) octal_psram: vendor id    : 0x0d (AP)
I (295) octal_psram: dev id       : 0x02 (generation 3)
I (295) octal_psram: density      : 0x03 (64 Mbit)
I (297) octal_psram: good-die     : 0x01 (Pass)
I (301) octal_psram: Latency      : 0x01 (Fixed)
I (306) octal_psram: VCC          : 0x01 (3V)
I (310) octal_psram: SRF          : 0x01 (Fast Refresh)
I (315) octal_psram: BurstType    : 0x01 (Hybrid Wrap)
I (320) octal_psram: BurstLen     : 0x01 (32 Byte)
I (324) octal_psram: Readlatency  : 0x02 (10 cycles@Fixed)
I (329) octal_psram: DriveStrength: 0x00 (1/1)
I (334) MSPI Timing: Enter psram timing tuning
I (338) esp_psram: Found 8MB PSRAM device
I (341) esp_psram: Speed: 80MHz
I (344) cpu_start: Multicore app
I (649) esp_psram: SPI SRAM memory test OK
I (657) cpu_start: GPIO 44 and 43 are used as console UART I/O pins
I (658) cpu_start: Pro cpu start user code
I (658) cpu_start: cpu freq: 240000000 Hz
I (660) app_init: Application information:
I (663) app_init: Project name:     keyboard_demo
I (668) app_init: App version:      1
I (671) app_init: Compile time:     Jul  3 2026 07:57:35
I (676) app_init: ELF file SHA256:  a8dcdcc94...
I (681) app_init: ESP-IDF:          v5.5.4
I (684) efuse_init: Min chip rev:     v0.0
I (688) efuse_init: Max chip rev:     v0.99
I (692) efuse_init: Chip rev:         v0.2
I (696) heap_init: Initializing. RAM available for dynamic allocation:
I (702) heap_init: At 3FCAAA50 len 0003ECC0 (251 KiB): RAM
I (707) heap_init: At 3FCE9710 len 00005724 (21 KiB): RAM
I (713) heap_init: At 600FE000 len 00001FE8 (7 KiB): RTCRAM
I (718) esp_psram: Adding pool of 8192K of PSRAM memory to heap allocator
I (725) spi_flash: detected chip: generic
I (728) spi_flash: flash io: dio
W (731) i2c: This driver is an old driver, please migrate your application code to adapt `driver/i2c_master.h`
I (741) sleep_gpio: Configure to isolate all GPIO pins in sleep state
I (747) sleep_gpio: Enable automatic switching of GPIO sleep configuration
I (754) coexist: coex firmware version: 093e3d2
I (758) coexist: coexist rom version e7ae62f
I (762) main_task: Started on CPU0
I (772) esp_psram: Reserving pool of 32K of internal memory for DMA/internal allocations
I (772) main_task: Calling app_main()
I (772) main: === CaPilot Keyboard Demo ===
I (782) main: Hardware: 立创实战派 ESP32-S3 开发板
I (782) main: Function: 3x4 数字键盘 + BOOT 键 = Enter
I (802) bsp: Starting I2C bus initialization...
I (802) bsp: I2C bus initialized on port 0
I (812) bsp: PCA9557 IO expander initialized
I (812) LVGL: Starting LVGL task
I (982) bsp: Starting touch screen initialization...
E (982) lcd_panel.io.i2c: esp_lcd_new_panel_io_i2c_v1(60): scl_speed_hz is not need to set in legacy i2c_lcd driver
E (982) bsp: bsp_touch_new(291):
ESP_ERROR_CHECK failed: esp_err_t 0x102 (ESP_ERR_INVALID_ARG) at 0x4200cf97
file: "./main/bsp.c" line 301
func: bsp_display_indev_init
expression: bsp_touch_new(&tp)

abort() was called at PC 0x40386cfb on core 0


Backtrace: 0x40386d3d:0x3fcae0e0 0x40386d05:0x3fcae100 0x4038eb5d:0x3fcae120 0x40386cfb:0x3fcae190 0x4200cf97:0x3fcae1c0 0x4200d4a1:0x3fcae1f0 0x4200c95f:0x3fcae230 0x420a3abc:0x3fcae280 0x40387a45:0x3fcae2b0




ELF file SHA256: a8dcdcc94

Rebooting...
���ESP-ROM:esp32s3-20210327
Build:Mar 27 2021
rst:0xc (RTC_SW_CPU_RST),boot:0xb (SPI_FAST_FLASH_BOOT)
Saved PC:0x40386edd
SPIWP:0xee
mode:DIO, clock div:1
load:0x3fce2820,len:0x14f0
load:0x403c8700,len:0xd24
load:0x403cb700,len:0x2ef0
entry 0x403c8924
I (29) boot: ESP-IDF v5.5.4 2nd stage bootloader
I (29) boot: compile time Jul  3 2026 07:59:22
I (29) boot: Multicore bootloader
I (29) boot: chip revision: v0.2
I (32) boot: efuse block revision: v1.3
I (36) boot.esp32s3: Boot SPI Speed : 80MHz
I (40) boot.esp32s3: SPI Mode       : DIO
I (43) boot.esp32s3: SPI Flash Size : 16MB
I (47) boot: Enabling RNG early entropy source...
I (52) boot: Partition Table:
I (54) boot: ## Label            Usage          Type ST Offset   Length
I (61) boot:  0 nvs              WiFi data        01 02 00009000 00006000
I (67) boot:  1 phy_init         RF data          01 01 0000f000 00001000
I (74) boot:  2 factory          factory app      00 00 00010000 00200000
I (80) boot: End of partition table
I (83) esp_image: segment 0: paddr=00010020 vaddr=3c0b0020 size=2f118h (192792) map
I (125) esp_image: segment 1: paddr=0003f140 vaddr=3fca1d00 size=00ed8h (  3800) load
I (126) esp_image: segment 2: paddr=00040020 vaddr=42000020 size=a498ch (674188) map
I (247) esp_image: segment 3: paddr=000e49b4 vaddr=3fca2bd8 size=03fc0h ( 16320) load
I (251) esp_image: segment 4: paddr=000e897c vaddr=40378000 size=19c78h (105592) load
I (274) esp_image: segment 5: paddr=001025fc vaddr=50000000 size=00020h (    32) load
I (285) boot: Loaded app from partition at offset 0x10000
I (285) boot: Disabling RNG early entropy source...
I (295) octal_psram: vendor id    : 0x0d (AP)
I (295) octal_psram: dev id       : 0x02 (generation 3)
I (295) octal_psram: density      : 0x03 (64 Mbit)
I (297) octal_psram: good-die     : 0x01 (Pass)
I (301) octal_psram: Latency      : 0x01 (Fixed)
I (306) octal_psram: VCC          : 0x01 (3V)
I (310) octal_psram: SRF          : 0x01 (Fast Refresh)
I (315) octal_psram: BurstType    : 0x01 (Hybrid Wrap)
I (320) octal_psram: BurstLen     : 0x01 (32 Byte)
I (324) octal_psram: Readlatency  : 0x02 (10 cycles@Fixed)
I (329) octal_psram: DriveStrength: 0x00 (1/1)
I (334) MSPI Timing: Enter psram timing tuning
I (338) esp_psram: Found 8MB PSRAM device
I (341) esp_psram: Speed: 80MHz
I (344) cpu_start: Multicore app
I (649) esp_psram: SPI SRAM memory test OK
I (657) cpu_start: GPIO 44 and 43 are used as console UART I/O pins
I (658) cpu_start: Pro cpu start user code
I (658) cpu_start: cpu freq: 240000000 Hz
I (660) app_init: Application information:
I (663) app_init: Project name:     keyboard_demo
I (668) app_init: App version:      1
I (671) app_init: Compile time:     Jul  3 2026 07:57:35
I (676) app_init: ELF file SHA256:  a8dcdcc94...
I (681) app_init: ESP-IDF:          v5.5.4
I (684) efuse_init: Min chip rev:     v0.0
I (688) efuse_init: Max chip rev:     v0.99
I (692) efuse_init: Chip rev:         v0.2
I (696) heap_init: Initializing. RAM available for dynamic allocation:
I (702) heap_init: At 3FCAAA50 len 0003ECC0 (251 KiB): RAM
I (707) heap_init: At 3FCE9710 len 00005724 (21 KiB): RAM
I (713) heap_init: At 600FE000 len 00001FE8 (7 KiB): RTCRAM
I (718) esp_psram: Adding pool of 8192K of PSRAM memory to heap allocator
I (725) spi_flash: detected chip: generic
I (728) spi_flash: flash io: dio
W (731) i2c: This driver is an old driver, please migrate your application code to adapt `driver/i2c_master.h`
I (741) sleep_gpio: Configure to isolate all GPIO pins in sleep state
I (747) sleep_gpio: Enable automatic switching of GPIO sleep configuration
I (754) coexist: coex firmware version: 093e3d2
I (758) coexist: coexist rom version e7ae62f
I (762) main_task: Started on CPU0
I (772) esp_psram: Reserving pool of 32K of internal memory for DMA/internal allocations
I (772) main_task: Calling app_main()
I (772) main: === CaPilot Keyboard Demo ===
I (782) main: Hardware: 立创实战派 ESP32-S3 开发板
I (782) main: Function: 3x4 数字键盘 + BOOT 键 = Enter
I (802) bsp: Starting I2C bus initialization...
I (802) bsp: I2C bus initialized on port 0
I (812) bsp: PCA9557 IO expander initialized
I (812) LVGL: Starting LVGL task
I (982) bsp: Starting touch screen initialization...
E (982) lcd_panel.io.i2c: esp_lcd_new_panel_io_i2c_v1(60): scl_speed_hz is not need to set in legacy i2c_lcd driver
E (982) bsp: bsp_touch_new(291):
ESP_ERROR_CHECK failed: esp_err_t 0x102 (ESP_ERR_INVALID_ARG) at 0x4200cf97
file: "./main/bsp.c" line 301
func: bsp_display_indev_init
expression: bsp_touch_new(&tp)

abort() was called at PC 0x40386cfb on core 0


Backtrace: 0x40386d3d:0x3fcae0e0 0x40386d05:0x3fcae100 0x4038eb5d:0x3fcae120 0x40386cfb:0x3fcae190 0x4200cf97:0x3fcae1c0 0x4200d4a1:0x3fcae1f0 0x4200c95f:0x3fcae230 0x420a3abc:0x3fcae280 0x40387a45:0x3fcae2b0




ELF file SHA256: a8dcdcc94

Rebooting...
���ESP-ROM:esp32s3-20210327
Build:Mar 27 2021
rst:0xc (RTC_SW_CPU_RST),boot:0xb (SPI_FAST_FLASH_BOOT)
Saved PC:0x40386edd
SPIWP:0xee
mode:DIO, clock div:1
load:0x3fce2820,len:0x14f0
load:0x403c8700,len:0xd24
load:0x403cb700,len:0x2ef0
entry 0x403c8924
I (29) boot: ESP-IDF v5.5.4 2nd stage bootloader
I (29) boot: compile time Jul  3 2026 07:59:22
I (29) boot: Multicore bootloader
I (29) boot: chip revision: v0.2
I (32) boot: efuse block revision: v1.3
I (36) boot.esp32s3: Boot SPI Speed : 80MHz
I (40) boot.esp32s3: SPI Mode       : DIO
I (43) boot.esp32s3: SPI Flash Size : 16MB
I (47) boot: Enabling RNG early entropy source...
I (52) boot: Partition Table:
I (54) boot: ## Label            Usage          Type ST Offset   Length
I (61) boot:  0 nvs              WiFi data        01 02 00009000 00006000
I (67) boot:  1 phy_init         RF data          01 01 0000f000 00001000
I (74) boot:  2 factory          factory app      00 00 00010000 00200000
I (80) boot: End of partition table
I (83) esp_image: segment 0: paddr=00010020 vaddr=3c0b0020 size=2f118h (192792) map
I (125) esp_image: segment 1: paddr=0003f140 vaddr=3fca1d00 size=00ed8h (  3800) load
I (126) esp_image: segment 2: paddr=00040020 vaddr=42000020 size=a498ch (674188) map
I (247) esp_image: segment 3: paddr=000e49b4 vaddr=3fca2bd8 size=03fc0h ( 16320) load
I (251) esp_image: segment 4: paddr=000e897c vaddr=40378000 size=19c78h (105592) load
I (274) esp_image: segment 5: paddr=001025fc vaddr=50000000 size=00020h (    32) load
I (285) boot: Loaded app from partition at offset 0x10000
I (285) boot: Disabling RNG early entropy source...
I (295) octal_psram: vendor id    : 0x0d (AP)
I (295) octal_psram: dev id       : 0x02 (generation 3)
I (295) octal_psram: density      : 0x03 (64 Mbit)
I (297) octal_psram: good-die     : 0x01 (Pass)
I (301) octal_psram: Latency      : 0x01 (Fixed)
I (306) octal_psram: VCC          : 0x01 (3V)
I (310) octal_psram: SRF          : 0x01 (Fast Refresh)
I (315) octal_psram: BurstType    : 0x01 (Hybrid Wrap)
I (320) octal_psram: BurstLen     : 0x01 (32 Byte)
I (324) octal_psram: Readlatency  : 0x02 (10 cycles@Fixed)
I (329) octal_psram: DriveStrength: 0x00 (1/1)
I (334) MSPI Timing: Enter psram timing tuning
I (338) esp_psram: Found 8MB PSRAM device
I (341) esp_psram: Speed: 80MHz
I (344) cpu_start: Multicore app
I (649) esp_psram: SPI SRAM memory test OK
I (657) cpu_start: GPIO 44 and 43 are used as console UART I/O pins
I (658) cpu_start: Pro cpu start user code
I (658) cpu_start: cpu freq: 240000000 Hz
I (660) app_init: Application information:
I (663) app_init: Project name:     keyboard_demo
I (668) app_init: App version:      1
I (671) app_init: Compile time:     Jul  3 2026 07:57:35
I (676) app_init: ELF file SHA256:  a8dcdcc94...
I (681) app_init: ESP-IDF:          v5.5.4
I (684) efuse_init: Min chip rev:     v0.0
I (688) efuse_init: Max chip rev:     v0.99
I (692) efuse_init: Chip rev:         v0.2
I (696) heap_init: Initializing. RAM available for dynamic allocation:
I (702) heap_init: At 3FCAAA50 len 0003ECC0 (251 KiB): RAM
I (707) heap_init: At 3FCE9710 len 00005724 (21 KiB): RAM
I (713) heap_init: At 600FE000 len 00001FE8 (7 KiB): RTCRAM
I (718) esp_psram: Adding pool of 8192K of PSRAM memory to heap allocator
I (725) spi_flash: detected chip: generic
I (728) spi_flash: flash io: dio
W (731) i2c: This driver is an old driver, please migrate your application code to adapt `driver/i2c_master.h`
I (741) sleep_gpio: Configure to isolate all GPIO pins in sleep state
I (747) sleep_gpio: Enable automatic switching of GPIO sleep configuration
I (754) coexist: coex firmware version: 093e3d2
I (758) coexist: coexist rom version e7ae62f
I (762) main_task: Started on CPU0
I (772) esp_psram: Reserving pool of 32K of internal memory for DMA/internal allocations
I (772) main_task: Calling app_main()
I (772) main: === CaPilot Keyboard Demo ===
I (782) main: Hardware: 立创实战派 ESP32-S3 开发板
I (782) main: Function: 3x4 数字键盘 + BOOT 键 = Enter
I (802) bsp: Starting I2C bus initialization...
I (802) bsp: I2C bus initialized on port 0
I (812) bsp: PCA9557 IO expander initialized
I (812) LVGL: Starting LVGL task
[WARN] read error: GetOverlappedResult failed (PermissionError(13, '拒绝访问。', None, 5))

[INFO] Captured 585 lines in 15s
